<?php return array (
  0 => 'Symfony\\Bundle\\FrameworkBundle\\Controller\\AbstractController',
  1 => 'App\\Controller\\Admin\\CustomersCrudController',
  2 => 'App\\Controller\\Admin\\DashboardController',
  3 => 'App\\Controller\\Admin\\UserCrudController',
  4 => 'App\\Controller\\ConversationController',
  5 => 'App\\Controller\\HomeController',
  6 => 'App\\Controller\\MessageController',
  7 => 'App\\Controller\\RegistrationController',
  8 => 'App\\Controller\\SecurityController',
  9 => 'App\\Controller\\TwigExtensions',
  10 => 'App\\Entity\\Conversation',
  11 => 'App\\Entity\\Customers',
  12 => 'App\\Entity\\Emremessage',
  13 => 'App\\Entity\\Emreparticipant',
  14 => 'App\\Entity\\Johnmessage',
  15 => 'App\\Entity\\Johnparticipant',
  16 => 'App\\Entity\\Johnssssparticipant',
  17 => 'App\\Entity\\Laraparticipant',
  18 => 'App\\Entity\\Message',
  19 => 'App\\Entity\\Participant',
  20 => 'App\\Entity\\Timestamp',
  21 => 'App\\Entity\\User',
  22 => 'Doctrine\\Bundle\\DoctrineBundle\\Controller\\ProfilerController',
  23 => 'Doctrine\\ORM\\Cache\\Persister\\Entity\\AbstractEntityPersister',
  24 => 'Doctrine\\ORM\\Cache\\Persister\\Entity\\CachedEntityPersister',
  25 => 'Doctrine\\ORM\\Cache\\Persister\\Entity\\NonStrictReadWriteCachedEntityPersister',
  26 => 'Doctrine\\ORM\\Cache\\Persister\\Entity\\ReadOnlyCachedEntityPersister',
  27 => 'Doctrine\\ORM\\Cache\\Persister\\Entity\\ReadWriteCachedEntityPersister',
  28 => 'Doctrine\\ORM\\Persisters\\Entity\\AbstractEntityInheritancePersister',
  29 => 'Doctrine\\ORM\\Persisters\\Entity\\BasicEntityPersister',
  30 => 'Doctrine\\ORM\\Persisters\\Entity\\CachedPersisterContext',
  31 => 'Doctrine\\ORM\\Persisters\\Entity\\EntityPersister',
  32 => 'Doctrine\\ORM\\Persisters\\Entity\\JoinedSubclassPersister',
  33 => 'Doctrine\\ORM\\Persisters\\Entity\\SingleTablePersister',
  34 => 'EasyCorp\\Bundle\\EasyAdminBundle\\Contracts\\Controller\\CrudControllerInterface',
  35 => 'EasyCorp\\Bundle\\EasyAdminBundle\\Contracts\\Controller\\DashboardControllerInterface',
  36 => 'EasyCorp\\Bundle\\EasyAdminBundle\\Controller\\AbstractCrudController',
  37 => 'EasyCorp\\Bundle\\EasyAdminBundle\\Controller\\AbstractDashboardController',
  39 => 'Symfony\\Bundle\\FrameworkBundle\\Controller\\ControllerResolver',
  40 => 'Symfony\\Bundle\\FrameworkBundle\\Controller\\RedirectController',
  41 => 'Symfony\\Bundle\\FrameworkBundle\\Controller\\TemplateController',
  42 => 'Symfony\\Bundle\\WebProfilerBundle\\Controller\\ExceptionPanelController',
  43 => 'Symfony\\Bundle\\WebProfilerBundle\\Controller\\ProfilerController',
  44 => 'Symfony\\Bundle\\WebProfilerBundle\\Controller\\RouterController',
  45 => 'Symfony\\Component\\HttpKernel\\Controller\\ArgumentResolver',
  46 => 'Symfony\\Component\\HttpKernel\\Controller\\ArgumentResolverInterface',
  47 => 'Symfony\\Component\\HttpKernel\\Controller\\ArgumentResolver\\DefaultValueResolver',
  48 => 'Symfony\\Component\\HttpKernel\\Controller\\ArgumentResolver\\NotTaggedControllerValueResolver',
  49 => 'Symfony\\Component\\HttpKernel\\Controller\\ArgumentResolver\\RequestAttributeValueResolver',
  50 => 'Symfony\\Component\\HttpKernel\\Controller\\ArgumentResolver\\RequestValueResolver',
  51 => 'Symfony\\Component\\HttpKernel\\Controller\\ArgumentResolver\\ServiceValueResolver',
  52 => 'Symfony\\Component\\HttpKernel\\Controller\\ArgumentResolver\\SessionValueResolver',
  53 => 'Symfony\\Component\\HttpKernel\\Controller\\ArgumentResolver\\TraceableValueResolver',
  54 => 'Symfony\\Component\\HttpKernel\\Controller\\ArgumentResolver\\VariadicValueResolver',
  55 => 'Symfony\\Component\\HttpKernel\\Controller\\ArgumentValueResolverInterface',
  56 => 'Symfony\\Component\\HttpKernel\\Controller\\ContainerControllerResolver',
  57 => 'Symfony\\Component\\HttpKernel\\Controller\\ControllerReference',
  58 => 'Symfony\\Component\\HttpKernel\\Controller\\ControllerResolver',
  59 => 'Symfony\\Component\\HttpKernel\\Controller\\ControllerResolverInterface',
  60 => 'Symfony\\Component\\HttpKernel\\Controller\\ErrorController',
  61 => 'Symfony\\Component\\HttpKernel\\Controller\\TraceableArgumentResolver',
  62 => 'Symfony\\Component\\HttpKernel\\Controller\\TraceableControllerResolver',
  63 => 'Symfony\\Component\\Security\\Http\\Controller\\UserValueResolver',
  64 => 'Symfony\\UX\\LiveComponent\\Controller\\BatchActionController',
);